// Jest Snapshot v1, https://goo.gl/fbAQLP

exports[`TextLink component matches snapshot 1`] = `
<div>
  <span
    class="text-blue-dark cursor-pointer"
  >
    Snapshot Test
  </span>
</div>
`;
