// Jest Snapshot v1, https://goo.gl/fbAQLP

exports[`AdvertBar component should match the snapshot 1`] = `Example AdvertBar`;
