// Jest Snapshot v1, https://goo.gl/fbAQLP

exports[`Chip component should match the snapshot 1`] = `Example Chip`;
