// Jest Snapshot v1, https://goo.gl/fbAQLP

exports[`ButtonGroup component should match the snapshot 1`] = `
<button>
  Button 1
</button>
`;
